<?xml version="1.0" encoding="UTF-8"?>
<urlset xmlns="http://www.sitemaps.org/schemas/sitemap/0.9">
<url>
<loc>http://localhost:3000</loc>
<lastmod>2026-08-07T12:34:01.415Z</lastmod>
</url>
<url>
<loc>http://localhost:3000/feed</loc>
<lastmod>2026-08-07T12:34:01.415Z</lastmod>
</url>
<url>
<loc>http://localhost:3000/discover</loc>
<lastmod>2026-08-07T12:34:01.415Z</lastmod>
</url>
<url>
<loc>http://localhost:3000/topics</loc>
<lastmod>2026-08-07T12:34:01.415Z</lastmod>
</url>
<url>
<loc>http://localhost:3000/privacy</loc>
<lastmod>2026-08-07T12:34:01.415Z</lastmod>
</url>
<url>
<loc>http://localhost:3000/terms</loc>
<lastmod>2026-08-07T12:34:01.415Z</lastmod>
</url>
<url>
<loc>http://localhost:3000/topics/employment-policies-in-jharkhand</loc>
<lastmod>2026-08-07T12:34:01.468Z</lastmod>
</url>
<url>
<loc>http://localhost:3000/topics/student-rights-and-activism-in-india</loc>
<lastmod>2026-08-07T12:34:01.468Z</lastmod>
</url>
<url>
<loc>http://localhost:3000/topics/governance-and-public-demonstrations</loc>
<lastmod>2026-08-07T12:34:01.468Z</lastmod>
</url>
<url>
<loc>http://localhost:3000/poll/46c5f550-20ba-4f2a-aeb3-38dfe0be1f81</loc>
<lastmod>2026-08-06T09:14:21.349Z</lastmod>
</url>
<url>
<loc>http://localhost:3000/poll/f03f8fe9-e417-44dd-a053-7f756c4c92ce</loc>
<lastmod>2026-08-03T12:01:06.068Z</lastmod>
</url>
<url>
<loc>http://localhost:3000/poll/3963941f-9e66-4094-af85-c1164695b00c</loc>
<lastmod>2026-08-03T09:26:51.222Z</lastmod>
</url>
</urlset>
